main.c:119:5:main	24	static
main.c:228:6:SystemClock_Config	168	static
main.c:289:13:MX_ADC2_Init	40	static
main.c:346:13:MX_ADC4_Init	40	static
main.c:403:13:MX_ADC5_Init	40	static
main.c:460:13:MX_LPUART1_UART_Init	8	static
main.c:507:13:MX_USART1_UART_Init	8	static
main.c:555:13:MX_USART3_UART_Init	8	static
main.c:603:13:MX_OPAMP3_Init	8	static
main.c:637:13:MX_OPAMP5_Init	8	static
main.c:671:13:MX_OPAMP6_Init	8	static
main.c:703:13:MX_DMA_Init	24	static
main.c:732:13:MX_GPIO_Init	48	static
main.c:765:6:print5	16	static
main.c:774:6:HAL_ADC_ConvCpltCallback	16	static
main.c:798:6:HAL_ADC_LevelOutOfWindowCallback	16	static
main.c:825:6:Error_Handler	4	static
