main.c:121:5:main	104	static
main.c:262:6:SystemClock_Config	168	static
main.c:321:13:MX_ADC2_Init	40	static
main.c:378:13:MX_ADC4_Init	40	static
main.c:435:13:MX_ADC5_Init	40	static
main.c:492:13:MX_LPUART1_UART_Init	8	static
main.c:539:13:MX_USART1_UART_Init	8	static
main.c:587:13:MX_USART3_UART_Init	8	static
main.c:635:13:MX_OPAMP3_Init	8	static
main.c:669:13:MX_OPAMP5_Init	8	static
main.c:703:13:MX_OPAMP6_Init	8	static
main.c:737:13:MX_SPI2_Init	8	static
main.c:775:13:MX_DMA_Init	24	static
main.c:804:13:MX_GPIO_Init	48	static
main.c:854:6:print5	16	static
main.c:863:6:HAL_ADC_ConvCpltCallback	16	static
main.c:887:6:HAL_ADC_LevelOutOfWindowCallback	16	static
main.c:914:6:Error_Handler	4	static
